// Jest Snapshot v1, https://goo.gl/fbAQLP

exports[`Main App Should match snapshot 1`] = `
<div>
  <div
    class="MuiBox-root css-i9gxme"
  >
    <header
      class="MuiPaper-root MuiPaper-elevation MuiPaper-elevation4 MuiAppBar-root MuiAppBar-colorPrimary MuiAppBar-positionStatic css-1j25ht0-MuiPaper-root-MuiAppBar-root"
    >
      <div
        class="MuiToolbar-root MuiToolbar-gutters MuiToolbar-regular css-1t29gy6-MuiToolbar-root"
      >
        <div
          class="MuiTypography-root MuiTypography-h6 MuiTypography-noWrap css-1futezt-MuiTypography-root"
        >
          Library
        </div>
        <div
          class="MuiBox-root css-i9gxme"
        />
        <a
          class="MuiButton-root MuiButton-text MuiButton-textInherit MuiButton-sizeMedium MuiButton-textSizeMedium MuiButton-colorInherit MuiButtonBase-root css-1y942vo-MuiButtonBase-root-MuiButton-root"
          href="/signin"
          tabindex="0"
        >
          Sing In
          <span
            class="MuiTouchRipple-root css-8je8zh-MuiTouchRipple-root"
          />
        </a>
        <a
          class="MuiButton-root MuiButton-text MuiButton-textInherit MuiButton-sizeMedium MuiButton-textSizeMedium MuiButton-colorInherit MuiButtonBase-root css-1y942vo-MuiButtonBase-root-MuiButton-root"
          href="/signup"
          tabindex="0"
        >
          Sign Up
          <span
            class="MuiTouchRipple-root css-8je8zh-MuiTouchRipple-root"
          />
        </a>
      </div>
    </header>
  </div>
  <main
    class="MuiContainer-root MuiContainer-maxWidthLg main-wrapper css-1oqqzyl-MuiContainer-root"
  >
    <h2
      class="MuiTypography-root MuiTypography-h2 MuiTypography-alignCenter MuiTypography-gutterBottom css-10759ka-MuiTypography-root"
    >
      Library
    </h2>
    <p
      class="MuiTypography-root MuiTypography-h5 MuiTypography-alignCenter MuiTypography-paragraph css-17rfbpd-MuiTypography-root"
    >
      Welcome to the
       
      <a
        class="MuiButton-root MuiButton-contained MuiButton-containedPrimary MuiButton-sizeMedium MuiButton-containedSizeMedium MuiButtonBase-root css-1ofhjf8-MuiButtonBase-root-MuiButton-root"
        href="/articles"
        tabindex="0"
      >
        Library
        <span
          class="MuiTouchRipple-root css-8je8zh-MuiTouchRipple-root"
        />
      </a>
      <br />
      Please singin if you want to create or edit any article.
    </p>
  </main>
</div>
`;
